// Jest Snapshot v1, https://goo.gl/fbAQLP

exports[`renders correctly 1`] = `
<View
  style={
    {
      "backgroundColor": "#fff",
      "borderRadius": 8,
      "marginVertical": 8,
      "padding": 20,
    }
  }
>
  <View
    style={
      [
        {
          "backgroundColor": undefined,
          "borderBottomColor": undefined,
          "borderBottomEndRadius": undefined,
          "borderBottomLeftRadius": undefined,
          "borderBottomRightRadius": undefined,
          "borderBottomStartRadius": undefined,
          "borderBottomWidth": undefined,
          "borderColor": undefined,
          "borderEndColor": undefined,
          "borderEndWidth": undefined,
          "borderLeftColor": undefined,
          "borderLeftWidth": undefined,
          "borderRadius": undefined,
          "borderRightColor": undefined,
          "borderRightWidth": undefined,
          "borderStartColor": undefined,
          "borderStartWidth": undefined,
          "borderStyle": undefined,
          "borderTopColor": undefined,
          "borderTopEndRadius": undefined,
          "borderTopLeftRadius": undefined,
          "borderTopRightRadius": undefined,
          "borderTopStartRadius": undefined,
          "borderTopWidth": undefined,
          "borderWidth": undefined,
          "bottom": undefined,
          "end": undefined,
          "height": undefined,
          "left": undefined,
          "margin": undefined,
          "marginBottom": undefined,
          "marginEnd": undefined,
          "marginHorizontal": undefined,
          "marginLeft": undefined,
          "marginRight": undefined,
          "marginStart": undefined,
          "marginTop": undefined,
          "marginVertical": undefined,
          "maxHeight": undefined,
          "maxWidth": undefined,
          "minHeight": undefined,
          "minWidth": undefined,
          "opacity": undefined,
          "overflow": undefined,
          "padding": undefined,
          "paddingBottom": undefined,
          "paddingEnd": undefined,
          "paddingHorizontal": undefined,
          "paddingLeft": undefined,
          "paddingRight": undefined,
          "paddingStart": undefined,
          "paddingTop": undefined,
          "paddingVertical": undefined,
          "position": undefined,
          "right": undefined,
          "start": undefined,
          "top": undefined,
          "width": undefined,
          "zIndex": undefined,
        },
        [
          {
            "alignContent": undefined,
            "alignItems": undefined,
            "alignSelf": undefined,
            "flex": undefined,
            "flexBasis": undefined,
            "flexDirection": undefined,
            "flexGrow": undefined,
            "flexShrink": undefined,
            "flexWrap": undefined,
            "justifyContent": undefined,
          },
          undefined,
        ],
      ]
    }
  >
    <Text
      style={
        [
          {
            "fontWeight": "bold",
          },
          [
            {
              "marginBottom": 8,
            },
            undefined,
          ],
        ]
      }
    >
      ðŸ’° 
      test budget
    </Text>
    <View
      style={
        [
          {
            "backgroundColor": undefined,
            "borderBottomColor": undefined,
            "borderBottomEndRadius": undefined,
            "borderBottomLeftRadius": undefined,
            "borderBottomRightRadius": undefined,
            "borderBottomStartRadius": undefined,
            "borderBottomWidth": undefined,
            "borderColor": undefined,
            "borderEndColor": undefined,
            "borderEndWidth": undefined,
            "borderLeftColor": undefined,
            "borderLeftWidth": undefined,
            "borderRadius": undefined,
            "borderRightColor": undefined,
            "borderRightWidth": undefined,
            "borderStartColor": undefined,
            "borderStartWidth": undefined,
            "borderStyle": undefined,
            "borderTopColor": undefined,
            "borderTopEndRadius": undefined,
            "borderTopLeftRadius": undefined,
            "borderTopRightRadius": undefined,
            "borderTopStartRadius": undefined,
            "borderTopWidth": undefined,
            "borderWidth": undefined,
            "bottom": undefined,
            "end": undefined,
            "height": undefined,
            "left": undefined,
            "margin": undefined,
            "marginBottom": undefined,
            "marginEnd": undefined,
            "marginHorizontal": undefined,
            "marginLeft": undefined,
            "marginRight": undefined,
            "marginStart": undefined,
            "marginTop": undefined,
            "marginVertical": undefined,
            "maxHeight": undefined,
            "maxWidth": undefined,
            "minHeight": undefined,
            "minWidth": undefined,
            "opacity": undefined,
            "overflow": undefined,
            "padding": undefined,
            "paddingBottom": undefined,
            "paddingEnd": undefined,
            "paddingHorizontal": undefined,
            "paddingLeft": undefined,
            "paddingRight": undefined,
            "paddingStart": undefined,
            "paddingTop": undefined,
            "paddingVertical": undefined,
            "position": undefined,
            "right": undefined,
            "start": undefined,
            "top": undefined,
            "width": undefined,
            "zIndex": undefined,
          },
          [
            {
              "alignContent": undefined,
              "alignItems": undefined,
              "alignSelf": undefined,
              "flex": undefined,
              "flexBasis": undefined,
              "flexDirection": "row",
              "flexGrow": undefined,
              "flexShrink": undefined,
              "flexWrap": undefined,
              "justifyContent": "space-between",
            },
            [
              undefined,
              [
                {
                  "marginBottom": 8,
                },
                undefined,
              ],
            ],
          ],
        ]
      }
    >
      <Text
        style={
          [
            undefined,
            [
              {
                "marginEnd": 0,
              },
              undefined,
            ],
          ]
        }
      >
        Remaining budget
      </Text>
      <Text
        style={
          [
            undefined,
            [
              null,
              undefined,
            ],
          ]
        }
      >
        â‚¬ 
        1000
         / â‚¬ 
        2000
      </Text>
    </View>
    <View
      animated={true}
      animationConfig={
        {
          "bounciness": 0,
        }
      }
      animationType="spring"
      indeterminate={false}
      indeterminateAnimationDuration={1000}
      onLayout={[Function]}
      progress={0.5}
      style={
        [
          {
            "backgroundColor": undefined,
            "borderColor": "#0a7ea4",
            "borderRadius": 4,
            "borderWidth": 1,
            "overflow": "hidden",
            "width": null,
          },
          [
            undefined,
            [
              {
                "marginBottom": 8,
              },
              undefined,
            ],
          ],
        ]
      }
      useNativeDriver={false}
    >
      <View
        collapsable={false}
        style={
          {
            "backgroundColor": "#0a7ea4",
            "height": 10,
            "transform": [
              {
                "translateX": 0,
              },
              {
                "translateX": 0.5,
              },
              {
                "scaleX": 0.50005,
              },
            ],
          }
        }
      />
    </View>
    <View
      style={
        [
          {
            "backgroundColor": undefined,
            "borderBottomColor": undefined,
            "borderBottomEndRadius": undefined,
            "borderBottomLeftRadius": undefined,
            "borderBottomRightRadius": undefined,
            "borderBottomStartRadius": undefined,
            "borderBottomWidth": undefined,
            "borderColor": undefined,
            "borderEndColor": undefined,
            "borderEndWidth": undefined,
            "borderLeftColor": undefined,
            "borderLeftWidth": undefined,
            "borderRadius": undefined,
            "borderRightColor": undefined,
            "borderRightWidth": undefined,
            "borderStartColor": undefined,
            "borderStartWidth": undefined,
            "borderStyle": undefined,
            "borderTopColor": undefined,
            "borderTopEndRadius": undefined,
            "borderTopLeftRadius": undefined,
            "borderTopRightRadius": undefined,
            "borderTopStartRadius": undefined,
            "borderTopWidth": undefined,
            "borderWidth": undefined,
            "bottom": undefined,
            "end": undefined,
            "height": undefined,
            "left": undefined,
            "margin": undefined,
            "marginBottom": undefined,
            "marginEnd": undefined,
            "marginHorizontal": undefined,
            "marginLeft": undefined,
            "marginRight": undefined,
            "marginStart": undefined,
            "marginTop": 8,
            "marginVertical": undefined,
            "maxHeight": undefined,
            "maxWidth": undefined,
            "minHeight": undefined,
            "minWidth": undefined,
            "opacity": undefined,
            "overflow": undefined,
            "padding": undefined,
            "paddingBottom": undefined,
            "paddingEnd": undefined,
            "paddingHorizontal": undefined,
            "paddingLeft": undefined,
            "paddingRight": undefined,
            "paddingStart": undefined,
            "paddingTop": undefined,
            "paddingVertical": undefined,
            "position": undefined,
            "right": undefined,
            "start": undefined,
            "top": undefined,
            "width": undefined,
            "zIndex": undefined,
          },
          [
            {
              "alignContent": undefined,
              "alignItems": undefined,
              "alignSelf": undefined,
              "flex": undefined,
              "flexBasis": undefined,
              "flexDirection": "row",
              "flexGrow": undefined,
              "flexShrink": undefined,
              "flexWrap": undefined,
              "justifyContent": "space-between",
            },
            [
              undefined,
              [
                null,
                undefined,
              ],
            ],
          ],
        ]
      }
    >
      <Text
        style={
          [
            undefined,
            [
              {
                "marginEnd": 0,
              },
              undefined,
            ],
          ]
        }
      >
        Period
      </Text>
      <Text
        style={
          [
            undefined,
            [
              null,
              undefined,
            ],
          ]
        }
      >
        10/4/2024
         - 
        10/4/2024
      </Text>
    </View>
  </View>
</View>
`;
